LabVIEWCLI started logging in file:  /tmp/lvtemporary_463510.log
Using LabVIEW: "/usr/local/natinst/LabVIEW-2026-64/labviewprofull"
LabVIEW launched successfully.
Connection established with LabVIEW at port number 3363.

Operation output: 
#### Starting Mass Compile: Fri, Aug 14, 2026 12:20:50 AM
  Directory: "/workspace"
Search failed to find "JSONtext LVClass Serializer.lvclass" previously from "/usr/local/natinst/LabVIEW-2026-64/vi.lib/JDP Science/JSONtext/LVClass Serializer/JSONtext LVClass Serializer.lvclass"
Search failed to find "WebView2 Control.xctl" previously from "/usr/local/natinst/LabVIEW-2026-64/vi.lib/sklein/WebView2/Webview2 Control/WebView2 Control.xctl"
Search failed to find "JSONtext.lvlib:From JSON Text.vim" previously from "/<vilib>/JDP Science/JSONtext/From JSON Text.vim"  +=+   Caller: "03 - Simple HTTP Data Connection.vi:Instance:7801d39f-66b7-4e88-ad6f-c875adc63ad7.vi"
Search failed to find "JSONtext.lvlib:JSON text to Variant.vi" previously from "/<vilib>/JDP Science/JSONtext/JSON text to Variant.vi"  +=+   Caller: "03 - Simple HTTP Data Connection.vi:Instance:7801d39f-66b7-4e88-ad6f-c875adc63ad7.vi"
  ### Bad VI:    "03 - Simple HTTP Data Connection.vi"	Path="/workspace/Evaluate LabVIEW/03 - Simple HTTP Data Connection.vi" 
Search failed to find "JSONtext.lvlib:To JSON Text.vim" previously from "/<vilib>/JDP Science/JSONtext/To JSON Text.vim"  +=+   Caller: "NETCallback FileWatcher Broadcast.vi:Instance:5b99c23a-5df9-4087-89f4-512f78e848ed.vi"
Search failed to find "JSONtext.lvlib:Variant to JSON Text.vi" previously from "/<vilib>/JDP Science/JSONtext/Variant to JSON Text.vi"  +=+   Caller: "NETCallback FileWatcher Broadcast.vi:Instance:5b99c23a-5df9-4087-89f4-512f78e848ed.vi"
  ### Bad VI:    "NETCallback FileWatcher Broadcast.vi"	Path="/workspace/Evaluate LabVIEW/NETCallback FileWatcher Broadcast.vi" 
  ### Bad VI:    "NETCallback FileWatcher Simple.vi"	Path="/workspace/Evaluate LabVIEW/NETCallback FileWatcher Simple.vi" 
Search failed to find "JSONtext.lvlib:Pretty Print.vi" previously from "/<vilib>/JDP Science/JSONtext/Pretty Print.vi"  +=+   Caller: "01 - Calling NET.vi"
  ### Bad VI:    "NETCallback FileWatcher Broadcast.vi"	Path="/workspace/Evaluate LabVIEW/NETCallback FileWatcher Broadcast.vi" 
  ### Bad VI:    "01 - Calling NET.vi"	Path="/workspace/Evaluate LabVIEW/01 - Calling NET.vi" 
  ### Bad VI:    "NETCallback FileWatcher Simple.vi"	Path="/workspace/Evaluate LabVIEW/NETCallback FileWatcher Simple.vi" 
  ### Bad VI:    "01 - Calling NET Simple.vi"	Path="/workspace/Evaluate LabVIEW/01 - Calling NET Simple.vi" 
Search failed to find "QM_Set Cursor.vi" previously from "/../Program Files/National Instruments/LabVIEW 2025/examples/MATLAB Node/Quantum Mechanics/QM_Set Cursor.vi"  +=+   Caller: "03 - Calling MATLAB.vi"
Search failed to find "Graphical Solution to alpha_n.vi" previously from "/../Program Files/National Instruments/LabVIEW 2025/examples/MATLAB Node/Quantum Mechanics/Graphical Solution to alpha_n.vi"  +=+   Caller: "03 - Calling MATLAB.vi"
  ### Bad VI:    "03 - Calling MATLAB.vi"	Path="/workspace/Evaluate LabVIEW/03 - Calling MATLAB.vi" 
  ### Bad VI:    "00 - VISA GPIB TCPIP Serial USB.vi"	Path="/workspace/Evaluate LabVIEW/00 - VISA GPIB TCPIP Serial USB.vi" 
Search failed to find "DAQmx Clear Task.vi" previously from "/<vilib>/DAQmx/configure/task.llb/DAQmx Clear Task.vi"  +=+   Caller: "00 - DAQmx IO.vi:Instance:0"
Search failed to find "DAQmx Stop Task.vi" previously from "/<vilib>/DAQmx/configure/task.llb/DAQmx Stop Task.vi"  +=+   Caller: "00 - DAQmx IO.vi:Instance:0"
Search failed to find "Convert 1DWfm to DDT.vi" previously from "/<vilib>/DAQmx/miscellaneous.llb/Convert 1DWfm to DDT.vi"  +=+   Caller: "00 - DAQmx IO.vi:Instance:0"
Search failed to find "DAQmx Read (Analog 1D Wfm NChan NSamp).vi" previously from "/<vilib>/DAQmx/read.llb/DAQmx Read (Analog 1D Wfm NChan NSamp).vi"  +=+   Caller: "00 - DAQmx IO.vi:Instance:0"
Search failed to find "DAQmx Read.vi" previously from "/<vilib>/DAQmx/read.llb/DAQmx Read.vi"  +=+   Caller: "00 - DAQmx IO.vi:Instance:0"
Search failed to find "DAQmx Start Task.vi" previously from "/<vilib>/DAQmx/configure/task.llb/DAQmx Start Task.vi"  +=+   Caller: "00 - DAQmx IO.vi:Instance:0"
Search failed to find "DAQmx Timing (Sample Clock).vi" previously from "/<vilib>/DAQmx/configure/timing.llb/DAQmx Timing (Sample Clock).vi"  +=+   Caller: "00 - DAQmx IO.vi:Instance:0"
Search failed to find "DAQmx Timing.vi" previously from "/<vilib>/DAQmx/configure/timing.llb/DAQmx Timing.vi"  +=+   Caller: "00 - DAQmx IO.vi:Instance:0"
Search failed to find "DAQmx Create Channel (AI-Voltage-Basic).vi" previously from "/<vilib>/DAQmx/create/channels.llb/DAQmx Create Channel (AI-Voltage-Basic).vi"  +=+   Caller: "00 - DAQmx IO.vi:Instance:0"
Search failed to find "DAQmx Create Channel (TEDS-AI-Voltage-Basic).vi" previously from "/<vilib>/DAQmx/create/channels.llb/DAQmx Create Channel (TEDS-AI-Voltage-Basic).vi"  +=+   Caller: "00 - DAQmx IO.vi:Instance:0"
Search failed to find "DAQmx Create Virtual Channel.vi" previously from "/<vilib>/DAQmx/create/channels.llb/DAQmx Create Virtual Channel.vi"  +=+   Caller: "00 - DAQmx IO.vi:Instance:0"
Search failed to find "DAQmx Create Task.vi" previously from "/<vilib>/DAQmx/create/task.llb/DAQmx Create Task.vi"  +=+   Caller: "00 - DAQmx IO.vi:Instance:0"
  ### Bad subVI: "00 - DAQmx IO.vi"	Path="/workspace/Evaluate LabVIEW/00 - DAQmx IO.vi" 
/workspace/Evaluate LabVIEW/01 - PXI Modular Instruments.vi (01 - PXI Modular Instruments.vi)
    - This VI needs a driver or toolkit component that is not found. Missing resource file "RFmxSpecAn.rc".
  ### Bad VI:    "Agilent 34401.lvlib:VI Tree.vi"	Path="/usr/local/natinst/LabVIEW-2026-64/instr.lib/Agilent 34401/Public/VI Tree.vi" 
Search failed to find "niDMT.lvlib:mod_Find All Factors of a Number.vi" previously from "/<vilib>/addons/Modulation/Digital/Support/Common/mod_Find All Factors of a Number.vi"  +=+   Caller: "Euler 004.vi"
  ### Bad VI:    "Euler 004.vi"	Path="/workspace/Evaluate LabVIEW/Euler 004.vi" 
  ### Bad VI:    "WebVideoGuide.vi"	Path="/workspace/Evaluate LabVIEW/WebVideoGuide.vi" 
/workspace/.github/labview/PrintToSingleFileHtml/PrintToSingleFileHtml.lvclass (PrintToSingleFileHtml.lvclass)
    - The class expected to be at "/workspace/.github/labview/CoreOperation/CoreOperation.lvclass" was loaded from "/usr/local/natinst/share/nilvcli/Operations/CoreOperation/CoreOperation.lvclass".
Search failed to find "LV AI Core.lvlib:XML generator.vi" previously from "/workspace/.github/labview/toimages/_ni/labview/lvctl/vis/LV AI Core/XML generator.vi"  +=+   Caller: "VI to XML.vi"
  ### Bad VI:    "VI to XML.vi"	Path="/workspace/.github/labview/toimages/_ni/labview/lvctl/vis/VI to XML.vi" 
Search failed to find "LV AI Core.lvlib:VI generator.vi" previously from "/workspace/.github/labview/toimages/_ni/labview/lvctl/vis/LV AI Core/VI generator.vi"  +=+   Caller: "XML to VI.vi"
  ### Bad VI:    "XML to VI.vi"	Path="/workspace/.github/labview/toimages/_ni/labview/lvctl/vis/XML to VI.vi" 
Search failed to find "JSONtext LVClass Serializer.lvclass" previously from "/usr/local/natinst/LabVIEW-2026-64/vi.lib/JDP Science/JSONtext/LVClass Serializer/JSONtext LVClass Serializer.lvclass"
Search failed to find "WebView2 Control.xctl" previously from "/usr/local/natinst/LabVIEW-2026-64/vi.lib/sklein/WebView2/Webview2 Control/WebView2 Control.xctl"
CompileFile: skipping /LabVIEW Data/Probes/Colormap from tuple array.vi
#### Finished Mass Compile: Fri, Aug 14, 2026 12:21:02 AM

MassCompile operation failed.

